### HUNT START Sat Jun 27 01:28:19 UTC 2026
...20/120
...40/120
...60/120
...80/120
...100/120
...120/120

=== Stage-2 particle_life sweep: 120 ok / 0 errors (N=120, seed_base=3000) ===
fingerprint clusters  (#lenses_fired | em_kind) : count
  12 lenses  positions          104
  12 lenses  orientation        16

TRIPWIRE LEADS (complex + unclassified): 0 / 120

saved analysis/ring2/stage2_results_particle_life.json  (full 21-lens fingerprints for lens-space outlier analysis)
...20/120
...40/120
...60/120
...80/120
...100/120
...120/120

=== Stage-2 reaction_diffusion sweep: 120 ok / 0 errors (N=120, seed_base=4000) ===
fingerprint clusters  (#lenses_fired | em_kind) : count
  10 lenses  field              105
   9 lenses  field              15

TRIPWIRE LEADS (complex + unclassified): 0 / 120

saved analysis/ring2/stage2_results_reaction_diffusion.json  (full 21-lens fingerprints for lens-space outlier analysis)
...20/100
...40/100
...60/100
...80/100
...100/100

=== Stage-2 kuramoto sweep: 100 ok / 0 errors (N=100, seed_base=6000) ===
fingerprint clusters  (#lenses_fired | em_kind) : count
   7 lenses  local-phase-order  58
   7 lenses  phases             42

TRIPWIRE LEADS (complex + unclassified): 0 / 100

saved analysis/ring2/stage2_results_kuramoto.json  (full 21-lens fingerprints for lens-space outlier analysis)
...20/100
...40/100
...60/100
...80/100
...100/100

=== Stage-2 lenia sweep: 100 ok / 0 errors (N=100, seed_base=7000) ===
fingerprint clusters  (#lenses_fired | em_kind) : count
   8 lenses  field              30
  12 lenses  field              23
   9 lenses  field              20
  12 lenses  heavy-tail(power-law) 15
   7 lenses  field              5
  12 lenses  temporal(spectral-peak) 3
   9 lenses  synergy(psi_ce:mean) 3
   9 lenses  temporal(spectral-peak) 1

TRIPWIRE LEADS (complex + unclassified): 0 / 100

saved analysis/ring2/stage2_results_lenia.json  (full 21-lens fingerprints for lens-space outlier analysis)
### HUNT DONE Sat Jun 27 03:10:27 UTC 2026
