COMM-NICHE DIAL (recurrent): alphas=[0.0, 1.0, 0.5, 0.25, 0.75] iters=1500 seeds=2 (resuming [])
  [alpha=0.00 s0] iter    0: hits/ep 0.01
  [alpha=0.00 s0] iter  150: hits/ep 2.52
  [alpha=0.00 s0] iter  300: hits/ep 3.48
  [alpha=0.00 s0] iter  450: hits/ep 3.61
  [alpha=0.00 s0] iter  600: hits/ep 3.73
  [alpha=0.00 s0] iter  750: hits/ep 3.72
  [alpha=0.00 s0] iter  900: hits/ep 3.76
  [alpha=0.00 s0] iter 1050: hits/ep 3.71
  [alpha=0.00 s0] iter 1200: hits/ep 3.77
  [alpha=0.00 s0] iter 1350: hits/ep 3.80
  [alpha=0.00 s0] iter 1499: hits/ep 3.74
  [alpha=0.00 s1] iter    0: hits/ep 0.01
  [alpha=0.00 s1] iter  150: hits/ep 2.62
  [alpha=0.00 s1] iter  300: hits/ep 3.54
  [alpha=0.00 s1] iter  450: hits/ep 3.69
  [alpha=0.00 s1] iter  600: hits/ep 3.74
  [alpha=0.00 s1] iter  750: hits/ep 3.72
  [alpha=0.00 s1] iter  900: hits/ep 3.77
  [alpha=0.00 s1] iter 1050: hits/ep 3.69
  [alpha=0.00 s1] iter 1200: hits/ep 3.75
  [alpha=0.00 s1] iter 1350: hits/ep 3.77
  [alpha=0.00 s1] iter 1499: hits/ep 3.71
alpha=0.00: normal 3.75 | mute 3.76 | RIDES-CHANNEL -0.01 | MI nan bits
  [alpha=1.00 s0] iter    0: hits/ep 0.01
  [alpha=1.00 s0] iter  150: hits/ep 0.04
  [alpha=1.00 s0] iter  300: hits/ep 0.30
  [alpha=1.00 s0] iter  450: hits/ep 1.90
  [alpha=1.00 s0] iter  600: hits/ep 2.44
  [alpha=1.00 s0] iter  750: hits/ep 2.63
  [alpha=1.00 s0] iter  900: hits/ep 2.78
  [alpha=1.00 s0] iter 1050: hits/ep 2.83
  [alpha=1.00 s0] iter 1200: hits/ep 2.94
  [alpha=1.00 s0] iter 1350: hits/ep 2.96
  [alpha=1.00 s0] iter 1499: hits/ep 3.03
  [alpha=1.00 s1] iter    0: hits/ep 0.01
  [alpha=1.00 s1] iter  150: hits/ep 0.04
  [alpha=1.00 s1] iter  300: hits/ep 0.24
  [alpha=1.00 s1] iter  450: hits/ep 1.75
  [alpha=1.00 s1] iter  600: hits/ep 2.35
  [alpha=1.00 s1] iter  750: hits/ep 2.63
  [alpha=1.00 s1] iter  900: hits/ep 2.81
  [alpha=1.00 s1] iter 1050: hits/ep 2.86
  [alpha=1.00 s1] iter 1200: hits/ep 2.95
  [alpha=1.00 s1] iter 1350: hits/ep 2.98
  [alpha=1.00 s1] iter 1499: hits/ep 3.01
alpha=1.00: normal 3.01 | mute 0.27 | RIDES-CHANNEL +2.73 | MI 0.75 bits
  [alpha=0.50 s0] iter    0: hits/ep 0.01
  [alpha=0.50 s0] iter  150: hits/ep 0.58
  [alpha=0.50 s0] iter  300: hits/ep 0.98
  [alpha=0.50 s0] iter  450: hits/ep 1.27
  [alpha=0.50 s0] iter  600: hits/ep 2.28
  [alpha=0.50 s0] iter  750: hits/ep 2.67
  [alpha=0.50 s0] iter  900: hits/ep 2.80
  [alpha=0.50 s0] iter 1050: hits/ep 2.86
  [alpha=0.50 s0] iter 1200: hits/ep 2.96
  [alpha=0.50 s0] iter 1350: hits/ep 2.96
  [alpha=0.50 s0] iter 1499: hits/ep 3.01
  [alpha=0.50 s1] iter    0: hits/ep 0.01
  [alpha=0.50 s1] iter  150: hits/ep 0.42
  [alpha=0.50 s1] iter  300: hits/ep 0.85
  [alpha=0.50 s1] iter  450: hits/ep 1.29
  [alpha=0.50 s1] iter  600: hits/ep 1.91
  [alpha=0.50 s1] iter  750: hits/ep 2.48
  [alpha=0.50 s1] iter  900: hits/ep 2.67
  [alpha=0.50 s1] iter 1050: hits/ep 2.87
  [alpha=0.50 s1] iter 1200: hits/ep 2.93
  [alpha=0.50 s1] iter 1350: hits/ep 2.91
  [alpha=0.50 s1] iter 1499: hits/ep 3.01
alpha=0.50: normal 3.00 | mute 1.12 | RIDES-CHANNEL +1.89 | MI 1.03 bits
  [alpha=0.25 s0] iter    0: hits/ep 0.01
  [alpha=0.25 s0] iter  150: hits/ep 1.25
  [alpha=0.25 s0] iter  300: hits/ep 1.05
  [alpha=0.25 s0] iter  450: hits/ep 1.70
  [alpha=0.25 s0] iter  600: hits/ep 1.99
  [alpha=0.25 s0] iter  750: hits/ep 2.00
  [alpha=0.25 s0] iter  900: hits/ep 2.03
  [alpha=0.25 s0] iter 1050: hits/ep 2.09
  [alpha=0.25 s0] iter 1200: hits/ep 2.28
  [alpha=0.25 s0] iter 1350: hits/ep 2.81
  [alpha=0.25 s0] iter 1499: hits/ep 3.00
  [alpha=0.25 s1] iter    0: hits/ep 0.01
  [alpha=0.25 s1] iter  150: hits/ep 1.28
  [alpha=0.25 s1] iter  300: hits/ep 1.80
  [alpha=0.25 s1] iter  450: hits/ep 1.93
  [alpha=0.25 s1] iter  600: hits/ep 2.08
  [alpha=0.25 s1] iter  750: hits/ep 2.12
  [alpha=0.25 s1] iter  900: hits/ep 2.08
  [alpha=0.25 s1] iter 1050: hits/ep 2.35
  [alpha=0.25 s1] iter 1200: hits/ep 2.40
  [alpha=0.25 s1] iter 1350: hits/ep 2.65
  [alpha=0.25 s1] iter 1499: hits/ep 2.87
alpha=0.25: normal 2.86 | mute 2.11 | RIDES-CHANNEL +0.75 | MI 1.52 bits
  [alpha=0.75 s0] iter    0: hits/ep 0.01
  [alpha=0.75 s0] iter  150: hits/ep 0.05
  [alpha=0.75 s0] iter  300: hits/ep 0.65
  [alpha=0.75 s0] iter  450: hits/ep 2.02
  [alpha=0.75 s0] iter  600: hits/ep 2.52
  [alpha=0.75 s0] iter  750: hits/ep 2.81
  [alpha=0.75 s0] iter  900: hits/ep 2.90
  [alpha=0.75 s0] iter 1050: hits/ep 2.79
  [alpha=0.75 s0] iter 1200: hits/ep 2.96
  [alpha=0.75 s0] iter 1350: hits/ep 3.02
  [alpha=0.75 s0] iter 1499: hits/ep 3.03
  [alpha=0.75 s1] iter    0: hits/ep 0.01
  [alpha=0.75 s1] iter  150: hits/ep 0.11
  [alpha=0.75 s1] iter  300: hits/ep 0.98
  [alpha=0.75 s1] iter  450: hits/ep 2.17
  [alpha=0.75 s1] iter  600: hits/ep 2.50
  [alpha=0.75 s1] iter  750: hits/ep 2.65
  [alpha=0.75 s1] iter  900: hits/ep 2.83
  [alpha=0.75 s1] iter 1050: hits/ep 2.86
  [alpha=0.75 s1] iter 1200: hits/ep 2.96
  [alpha=0.75 s1] iter 1350: hits/ep 2.96
  [alpha=0.75 s1] iter 1499: hits/ep 2.95
alpha=0.75: normal 3.02 | mute 0.61 | RIDES-CHANNEL +2.41 | MI 0.77 bits
DONE saved dial2_sweep.json
ALLDONE
